Pavithra@DESKTOP-C1CIECB MINGW64 ~ (master)
$ cd d:/cts/code/git_handson001

Pavithra@DESKTOP-C1CIECB MINGW64 /d/cts/code/git_handson (master)
$ git version
git version 2.31.0.windows.1
Pavithra@DESKTOP-C1CIECB MINGW64 /d/cts/code/git_handson(master)
$ git config --global user.name "upagna"

Pavithra@DESKTOP-C1CIECB MINGW64 /d/cts/code/git_handson (master)
$ git config --global user.email "lupagna@gmail.com"

Pavithra@DESKTOP-C1CIECB MINGW64 /d/cts/code/git_handson(master)
$ git config --global --list
user.name=buvanapavitra
user.email=buvanapavitraa@gmail.com

Pavithra@DESKTOP-C1CIECB MINGW64 /d/cts/code/git_handson (master)
$ git init
Initialized empty Git repository in  cd d:/cts/code/git_handson/.git


$ ls -al
total 8
drwxr-xr-x 1 DELL 197121  0 Jun 05 12:57 ./
drwxr-xr-x 1 DELL 197121  0 Jun 05 12:53 ../
drwxr-xr-x 1 DELL 197121  0 Jun 05 12:56 .git/



Pavithra@DESKTOP-C1CIECB MINGW64 /d/cts/code/git_handson(master)
$ echo "Welcome to the version control" >> welcome.txt

Pavithra@DESKTOP-C1CIECB MINGW64 /d/cts/code/git_handson(master)
$ ls -al
total 9
drwxr-xr-x 1 DELL 197121  0 Apr 18 12:57 ./
drwxr-xr-x 1 DELL 197121  0 Apr 18 12:53 ../
drwxr-xr-x 1 DELL 197121  0 Apr 18 12:56 .git/

Pavithra@DESKTOP-C1CIECB MINGW64 /d/cts/code/git_handson (master)
$ cat welcome.txt
Welcome to the version control

Pavithra@DESKTOP-C1CIECB MINGW64 /d/cts/code/git_handson (master)
$ git status
On branch master

No commits yet

Untracked files:
  (use "git add <file>..." to include in what will be committed)
        welcome.txt

nothing added to commit but untracked files present (use "git add" to track)

Pavithra@DESKTOP-C1CIECB MINGW64 /d/cts/code/git_handson (master)
$ git add welcome.txt
warning: LF will be replaced by CRLF in welcome.txt.
The file will have its original line endings in your working directory
Pavithra@DESKTOP-C1CIECB MINGW64 /d/cts/code/git_handson (master)
$ git commit
Aborting commit due to empty commit message.

Pavithra@DESKTOP-C1CIECB MINGW64 /d/cts/code/git_handson (master)
$ git commit -m "first commit"
[master (root-commit) a9d6b58] first commit
 1 file changed, 1 insertion(+)
 create mode 100644 welcome.txt

Pavithra@DESKTOP-C1CIECB MINGW64 /d/cts/code/git_handson (master)
$ git status
On branch master
nothing to commit, working tree clean

Pavithra@DESKTOP-C1CIECB MINGW64 /d/cts/code/git_handson (master)
$ git remote add origin https://github.com/buvanapavitra/GitDemo.git

Pavithra@DESKTOP-C1CIECB MINGW64 /d/cts/code/git_handson (master)
$ git push origin master
remote: Repository not found.
fatal: repository 'https://github.com/buvanapavitra/GitDemo.git/' not found

Pavithra@DESKTOP-C1CIECB MINGW64 /d/cts/code/git_handson (master)
$ git push origin master
Enumerating objects: 3, done.
Counting objects: 100% (3/3), done.
Writing objects: 100% (3/3), 250 bytes | 125.00 KiB/s, done.
Total 3 (delta 0), reused 0 (delta 0), pack-reused 0
To https://github.com/buvanapavitra/GitDemo.git
 * [new branch]      master -> master
